c:\users\epong\desktop\fluxtransfer\build\fluxtransfer.dir\release\filecopyengine.obj
c:\users\epong\desktop\fluxtransfer\build\fluxtransfer.dir\release\transfertask.obj
c:\users\epong\desktop\fluxtransfer\build\fluxtransfer.dir\release\mainwindow.obj
c:\users\epong\desktop\fluxtransfer\build\fluxtransfer.dir\release\mocs_compilation_release.obj
c:\users\epong\desktop\fluxtransfer\build\fluxtransfer.dir\release\main.obj
c:\users\epong\desktop\fluxtransfer\build\fluxtransfer.dir\release\transferqueuewidget.obj
c:\users\epong\desktop\fluxtransfer\build\fluxtransfer.dir\release\transfermanager.obj
c:\users\epong\desktop\fluxtransfer\build\fluxtransfer.dir\release\drivemanager.obj
c:\users\epong\desktop\fluxtransfer\build\fluxtransfer.dir\release\conflictdialog.obj
c:\users\epong\desktop\fluxtransfer\build\fluxtransfer.dir\release\theme.obj
c:\users\epong\desktop\fluxtransfer\build\fluxtransfer.dir\release\sizescanner.obj
c:\users\epong\desktop\fluxtransfer\build\fluxtransfer.dir\release\destinationpicker.obj
c:\users\epong\desktop\fluxtransfer\build\fluxtransfer.dir\release\sourcechecklist.obj
c:\users\epong\desktop\fluxtransfer\build\fluxtransfer_autogen\timestamp
c:\users\epong\desktop\fluxtransfer\build\cmakefiles\generate.stamp
c:\users\epong\desktop\fluxtransfer\build\release\fluxtransfer.exe
c:\users\epong\desktop\fluxtransfer\build\fluxtransfer.dir\release\driveselector.obj
c:\users\epong\desktop\fluxtransfer\build\fluxtransfer.dir\release\filebrowser.obj
c:\users\epong\desktop\fluxtransfer\build\fluxtransfer.dir\release\fluxtransfer.tlog\cl.command.1.tlog
c:\users\epong\desktop\fluxtransfer\build\fluxtransfer.dir\release\fluxtransfer.tlog\cl.items.tlog
c:\users\epong\desktop\fluxtransfer\build\fluxtransfer.dir\release\fluxtransfer.tlog\cl.read.1.tlog
c:\users\epong\desktop\fluxtransfer\build\fluxtransfer.dir\release\fluxtransfer.tlog\cl.write.1.tlog
c:\users\epong\desktop\fluxtransfer\build\fluxtransfer.dir\release\fluxtransfer.tlog\custombuild.command.1.tlog
c:\users\epong\desktop\fluxtransfer\build\fluxtransfer.dir\release\fluxtransfer.tlog\custombuild.read.1.tlog
c:\users\epong\desktop\fluxtransfer\build\fluxtransfer.dir\release\fluxtransfer.tlog\custombuild.write.1.tlog
c:\users\epong\desktop\fluxtransfer\build\fluxtransfer.dir\release\fluxtransfer.tlog\link.command.1.tlog
c:\users\epong\desktop\fluxtransfer\build\fluxtransfer.dir\release\fluxtransfer.tlog\link.read.1.tlog
c:\users\epong\desktop\fluxtransfer\build\fluxtransfer.dir\release\fluxtransfer.tlog\link.secondary.1.tlog
c:\users\epong\desktop\fluxtransfer\build\fluxtransfer.dir\release\fluxtransfer.tlog\link.write.1.tlog
